\BOOKMARK [0][-]{chapter.1}{\376\377\000I\000n\000t\000r\000o\000d\000u\000c\000t\000i\000o\000n}{}% 1
\BOOKMARK [1][-]{section.1.1}{\376\377\000P\000r\000o\000j\000e\000c\000t\000\040\000O\000v\000e\000r\000v\000i\000e\000w}{chapter.1}% 2
\BOOKMARK [1][-]{section.1.2}{\376\377\000P\000r\000o\000b\000l\000e\000m\000\040\000S\000t\000a\000t\000e\000m\000e\000n\000t}{chapter.1}% 3
\BOOKMARK [1][-]{section.1.3}{\376\377\000O\000b\000j\000e\000c\000t\000i\000v\000e\000s}{chapter.1}% 4
\BOOKMARK [1][-]{section.1.4}{\376\377\000S\000c\000o\000p\000e\000\040\000a\000n\000d\000\040\000C\000o\000n\000t\000r\000i\000b\000u\000t\000i\000o\000n\000s}{chapter.1}% 5
\BOOKMARK [1][-]{section.1.5}{\376\377\000R\000e\000p\000o\000r\000t\000\040\000O\000r\000g\000a\000n\000i\000z\000a\000t\000i\000o\000n}{chapter.1}% 6
\BOOKMARK [0][-]{chapter.2}{\376\377\000L\000i\000t\000e\000r\000a\000t\000u\000r\000e\000\040\000R\000e\000v\000i\000e\000w}{}% 7
\BOOKMARK [1][-]{section.2.1}{\376\377\000I\000o\000T\000\040\000N\000e\000t\000w\000o\000r\000k\000\040\000S\000i\000m\000u\000l\000a\000t\000i\000o\000n}{chapter.2}% 8
\BOOKMARK [1][-]{section.2.2}{\376\377\000M\000a\000c\000h\000i\000n\000e\000\040\000L\000e\000a\000r\000n\000i\000n\000g\000\040\000f\000o\000r\000\040\000N\000e\000t\000w\000o\000r\000k\000\040\000S\000e\000c\000u\000r\000i\000t\000y}{chapter.2}% 9
\BOOKMARK [2][-]{subsection.2.2.1}{\376\377\000R\000a\000n\000d\000o\000m\000\040\000F\000o\000r\000e\000s\000t\000\040\000f\000o\000r\000\040\000L\000a\000t\000e\000n\000c\000y\000\040\000P\000r\000e\000d\000i\000c\000t\000i\000o\000n}{section.2.2}% 10
\BOOKMARK [2][-]{subsection.2.2.2}{\376\377\000O\000n\000e\000-\000C\000l\000a\000s\000s\000\040\000S\000V\000M\000\040\000f\000o\000r\000\040\000A\000n\000o\000m\000a\000l\000y\000\040\000D\000e\000t\000e\000c\000t\000i\000o\000n}{section.2.2}% 11
\BOOKMARK [2][-]{subsection.2.2.3}{\376\377\000G\000e\000n\000e\000r\000a\000t\000i\000v\000e\000\040\000A\000d\000v\000e\000r\000s\000a\000r\000i\000a\000l\000\040\000N\000e\000t\000w\000o\000r\000k\000s\000\040\000f\000o\000r\000\040\000D\000D\000o\000S\000\040\000S\000i\000m\000u\000l\000a\000t\000i\000o\000n}{section.2.2}% 12
\BOOKMARK [1][-]{section.2.3}{\376\377\000R\000e\000i\000n\000f\000o\000r\000c\000e\000m\000e\000n\000t\000\040\000L\000e\000a\000r\000n\000i\000n\000g\000\040\000f\000o\000r\000\040\000N\000e\000t\000w\000o\000r\000k\000\040\000M\000a\000n\000a\000g\000e\000m\000e\000n\000t}{chapter.2}% 13
\BOOKMARK [1][-]{section.2.4}{\376\377\000F\000e\000d\000e\000r\000a\000t\000e\000d\000\040\000L\000e\000a\000r\000n\000i\000n\000g}{chapter.2}% 14
\BOOKMARK [1][-]{section.2.5}{\376\377\000D\000i\000g\000i\000t\000a\000l\000\040\000T\000w\000i\000n\000\040\000T\000e\000c\000h\000n\000o\000l\000o\000g\000y}{chapter.2}% 15
\BOOKMARK [1][-]{section.2.6}{\376\377\000M\000o\000d\000e\000l\000-\000t\000o\000-\000C\000o\000d\000e\000\040\000G\000e\000n\000e\000r\000a\000t\000i\000o\000n\000\040\000\050\000m\0002\000c\000g\000e\000n\000\051}{chapter.2}% 16
\BOOKMARK [0][-]{chapter.3}{\376\377\000S\000y\000s\000t\000e\000m\000\040\000A\000r\000c\000h\000i\000t\000e\000c\000t\000u\000r\000e}{}% 17
\BOOKMARK [1][-]{section.3.1}{\376\377\000H\000i\000g\000h\000-\000L\000e\000v\000e\000l\000\040\000A\000r\000c\000h\000i\000t\000e\000c\000t\000u\000r\000e}{chapter.3}% 18
\BOOKMARK [1][-]{section.3.2}{\376\377\000T\000h\000e\000\040\000S\000i\000m\000u\000l\000a\000t\000i\000o\000n\000\040\000L\000a\000y\000e\000r}{chapter.3}% 19
\BOOKMARK [2][-]{subsection.3.2.1}{\376\377\000A\000n\000y\000L\000o\000g\000i\000c\000\040\000A\000g\000e\000n\000t\000-\000B\000a\000s\000e\000d\000\040\000M\000o\000d\000e\000l}{section.3.2}% 20
\BOOKMARK [2][-]{subsection.3.2.2}{\376\377\000M\000Q\000T\000T\000P\000a\000c\000k\000e\000t\000\040\000D\000a\000t\000a\000\040\000S\000t\000r\000u\000c\000t\000u\000r\000e}{section.3.2}% 21
\BOOKMARK [2][-]{subsection.3.2.3}{\376\377\000N\000e\000t\000w\000o\000r\000k\000\040\000F\000l\000o\000w}{section.3.2}% 22
\BOOKMARK [1][-]{section.3.3}{\376\377\000T\000h\000e\000\040\000C\000l\000o\000u\000d\000\137\000R\000e\000c\000e\000i\000v\000e\000d\000\040\000P\000r\000o\000c\000e\000s\000s\000i\000n\000g\000\040\000H\000o\000o\000k}{chapter.3}% 23
\BOOKMARK [1][-]{section.3.4}{\376\377\000D\000a\000t\000a\000s\000e\000t\000:\000\040\000R\000T\000-\000I\000o\000T\0002\0000\0002\0002}{chapter.3}% 24
\BOOKMARK [1][-]{section.3.5}{\376\377\000D\000i\000r\000e\000c\000t\000o\000r\000y\000\040\000S\000t\000r\000u\000c\000t\000u\000r\000e}{chapter.3}% 25
\BOOKMARK [0][-]{chapter.4}{\376\377\000M\000a\000c\000h\000i\000n\000e\000\040\000L\000e\000a\000r\000n\000i\000n\000g\000\040\000P\000i\000p\000e\000l\000i\000n\000e}{}% 26
\BOOKMARK [1][-]{section.4.1}{\376\377\000O\000v\000e\000r\000v\000i\000e\000w}{chapter.4}% 27
\BOOKMARK [1][-]{section.4.2}{\376\377\000D\000a\000t\000a\000\040\000P\000r\000e\000p\000r\000o\000c\000e\000s\000s\000i\000n\000g}{chapter.4}% 28
\BOOKMARK [2][-]{subsection.4.2.1}{\376\377\000S\000o\000u\000r\000c\000e\000\040\000D\000a\000t\000a}{section.4.2}% 29
\BOOKMARK [2][-]{subsection.4.2.2}{\376\377\000F\000e\000a\000t\000u\000r\000e\000\040\000E\000n\000g\000i\000n\000e\000e\000r\000i\000n\000g}{section.4.2}% 30
\BOOKMARK [1][-]{section.4.3}{\376\377\000M\000o\000d\000e\000l\000\040\0001\000:\000\040\000R\000a\000n\000d\000o\000m\000\040\000F\000o\000r\000e\000s\000t\000\040\000L\000a\000t\000e\000n\000c\000y\000\040\000P\000r\000e\000d\000i\000c\000t\000o\000r}{chapter.4}% 31
\BOOKMARK [2][-]{subsection.4.3.1}{\376\377\000A\000r\000c\000h\000i\000t\000e\000c\000t\000u\000r\000e}{section.4.3}% 32
\BOOKMARK [2][-]{subsection.4.3.2}{\376\377\000T\000r\000a\000i\000n\000i\000n\000g\000\040\000P\000r\000o\000c\000e\000s\000s}{section.4.3}% 33
\BOOKMARK [2][-]{subsection.4.3.3}{\376\377\000E\000v\000a\000l\000u\000a\000t\000i\000o\000n}{section.4.3}% 34
\BOOKMARK [1][-]{section.4.4}{\376\377\000M\000o\000d\000e\000l\000\040\0002\000:\000\040\000O\000n\000e\000C\000l\000a\000s\000s\000S\000V\000M\000\040\000A\000n\000o\000m\000a\000l\000y\000\040\000D\000e\000t\000e\000c\000t\000o\000r}{chapter.4}% 35
\BOOKMARK [2][-]{subsection.4.4.1}{\376\377\000A\000r\000c\000h\000i\000t\000e\000c\000t\000u\000r\000e}{section.4.4}% 36
\BOOKMARK [2][-]{subsection.4.4.2}{\376\377\000D\000e\000c\000i\000s\000i\000o\000n\000\040\000F\000u\000n\000c\000t\000i\000o\000n}{section.4.4}% 37
\BOOKMARK [1][-]{section.4.5}{\376\377\000M\000o\000d\000e\000l\000\040\0003\000:\000\040\000A\000u\000t\000o\000r\000e\000g\000r\000e\000s\000s\000i\000v\000e\000\040\000T\000i\000m\000e\000-\000S\000e\000r\000i\000e\000s\000\040\000F\000o\000r\000e\000c\000a\000s\000t\000e\000r}{chapter.4}% 38
\BOOKMARK [2][-]{subsection.4.5.1}{\376\377\000S\000l\000i\000d\000i\000n\000g\000\040\000W\000i\000n\000d\000o\000w\000\040\000A\000r\000c\000h\000i\000t\000e\000c\000t\000u\000r\000e}{section.4.5}% 39
\BOOKMARK [2][-]{subsection.4.5.2}{\376\377\000R\000e\000a\000l\000-\000T\000i\000m\000e\000\040\000F\000o\000r\000e\000c\000a\000s\000t\000i\000n\000g}{section.4.5}% 40
\BOOKMARK [1][-]{section.4.6}{\376\377\000m\0002\000c\000g\000e\000n\000:\000\040\000A\000S\000T\000\040\000T\000r\000a\000n\000s\000p\000i\000l\000a\000t\000i\000o\000n\000\040\000t\000o\000\040\000J\000a\000v\000a}{chapter.4}% 41
\BOOKMARK [2][-]{subsection.4.6.1}{\376\377\000T\000h\000e\000\040\000Z\000e\000r\000o\000-\000L\000a\000t\000e\000n\000c\000y\000\040\000I\000n\000f\000e\000r\000e\000n\000c\000e\000\040\000P\000r\000o\000b\000l\000e\000m}{section.4.6}% 42
\BOOKMARK [2][-]{subsection.4.6.2}{\376\377\000T\000h\000e\000\040\000T\000r\000a\000n\000s\000p\000i\000l\000a\000t\000i\000o\000n\000\040\000S\000o\000l\000u\000t\000i\000o\000n}{section.4.6}% 43
\BOOKMARK [2][-]{subsection.4.6.3}{\376\377\000G\000e\000n\000e\000r\000a\000t\000e\000d\000\040\000J\000a\000v\000a\000\040\000C\000o\000d\000e\000\040\000S\000t\000r\000u\000c\000t\000u\000r\000e}{section.4.6}% 44
\BOOKMARK [2][-]{subsection.4.6.4}{\376\377\000V\000o\000t\000i\000n\000g\000\040\000R\000e\000g\000r\000e\000s\000s\000o\000r\000\040\000\050\000A\000l\000t\000e\000r\000n\000a\000t\000i\000v\000e\000\040\000P\000i\000p\000e\000l\000i\000n\000e\000\051}{section.4.6}% 45
\BOOKMARK [1][-]{section.4.7}{\376\377\000G\000A\000N\000-\000B\000a\000s\000e\000d\000\040\000D\000D\000o\000S\000\040\000T\000r\000a\000f\000f\000i\000c\000\040\000G\000e\000n\000e\000r\000a\000t\000i\000o\000n}{chapter.4}% 46
\BOOKMARK [0][-]{chapter.5}{\376\377\000R\000e\000i\000n\000f\000o\000r\000c\000e\000m\000e\000n\000t\000\040\000L\000e\000a\000r\000n\000i\000n\000g\000\040\000a\000n\000d\000\040\000F\000e\000d\000e\000r\000a\000t\000e\000d\000\040\000L\000e\000a\000r\000n\000i\000n\000g}{}% 47
\BOOKMARK [1][-]{section.5.1}{\376\377\000T\000a\000b\000u\000l\000a\000r\000\040\000Q\000-\000L\000e\000a\000r\000n\000i\000n\000g\000\040\000L\000o\000a\000d\000\040\000B\000a\000l\000a\000n\000c\000e\000r}{chapter.5}% 48
\BOOKMARK [2][-]{subsection.5.1.1}{\376\377\000M\000o\000t\000i\000v\000a\000t\000i\000o\000n}{section.5.1}% 49
\BOOKMARK [2][-]{subsection.5.1.2}{\376\377\000S\000t\000a\000t\000e\000-\000A\000c\000t\000i\000o\000n\000\040\000S\000p\000a\000c\000e\000\040\000D\000e\000s\000i\000g\000n}{section.5.1}% 50
\BOOKMARK [2][-]{subsection.5.1.3}{\376\377\000R\000e\000w\000a\000r\000d\000\040\000F\000u\000n\000c\000t\000i\000o\000n}{section.5.1}% 51
\BOOKMARK [2][-]{subsection.5.1.4}{\376\377\000Q\000-\000T\000a\000b\000l\000e\000\040\000U\000p\000d\000a\000t\000e\000\040\000R\000u\000l\000e}{section.5.1}% 52
\BOOKMARK [2][-]{subsection.5.1.5}{\376\377\000I\000m\000p\000l\000e\000m\000e\000n\000t\000a\000t\000i\000o\000n}{section.5.1}% 53
\BOOKMARK [2][-]{subsection.5.1.6}{\376\377\000I\000n\000t\000e\000g\000r\000a\000t\000i\000o\000n\000\040\000w\000i\000t\000h\000\040\000S\000i\000m\000u\000l\000a\000t\000i\000o\000n}{section.5.1}% 54
\BOOKMARK [1][-]{section.5.2}{\376\377\000F\000e\000d\000e\000r\000a\000t\000e\000d\000\040\000L\000e\000a\000r\000n\000i\000n\000g\000\040\000P\000i\000p\000e\000l\000i\000n\000e}{chapter.5}% 55
\BOOKMARK [2][-]{subsection.5.2.1}{\376\377\000M\000o\000t\000i\000v\000a\000t\000i\000o\000n}{section.5.2}% 56
\BOOKMARK [2][-]{subsection.5.2.2}{\376\377\000A\000r\000c\000h\000i\000t\000e\000c\000t\000u\000r\000e}{section.5.2}% 57
\BOOKMARK [2][-]{subsection.5.2.3}{\376\377\000F\000e\000d\000A\000v\000g\000\040\000C\000o\000n\000v\000e\000r\000g\000e\000n\000c\000e\000\040\000S\000i\000m\000u\000l\000a\000t\000i\000o\000n}{section.5.2}% 58
\BOOKMARK [0][-]{chapter.6}{\376\377\000N\000e\000t\000w\000o\000r\000k\000\040\000O\000p\000e\000r\000a\000t\000i\000o\000n\000s\000\040\000C\000e\000n\000t\000e\000r\000\040\000\050\000N\000O\000C\000\051\000\040\000D\000a\000s\000h\000b\000o\000a\000r\000d}{}% 59
\BOOKMARK [1][-]{section.6.1}{\376\377\000D\000e\000s\000i\000g\000n\000\040\000P\000h\000i\000l\000o\000s\000o\000p\000h\000y}{chapter.6}% 60
\BOOKMARK [1][-]{section.6.2}{\376\377\000D\000a\000s\000h\000b\000o\000a\000r\000d\000\040\000O\000v\000e\000r\000v\000i\000e\000w}{chapter.6}% 61
\BOOKMARK [1][-]{section.6.3}{\376\377\000D\000a\000s\000h\000b\000o\000a\000r\000d\000\040\0001\000:\000\040\000L\000a\000t\000e\000n\000c\000y\000\040\000\046\000\040\000F\000o\000r\000e\000c\000a\000s\000t\000i\000n\000g\000\040\000H\000u\000b}{chapter.6}% 62
\BOOKMARK [2][-]{subsection.6.3.1}{\376\377\000P\000a\000n\000e\000l\000\040\0001\000:\000\040\000L\000i\000v\000e\000\040\000L\000a\000t\000e\000n\000c\000y\000\040\000T\000r\000a\000c\000k\000i\000n\000g}{section.6.3}% 63
\BOOKMARK [2][-]{subsection.6.3.2}{\376\377\000P\000a\000n\000e\000l\000\040\0002\000:\000\040\000T\000i\000m\000e\000-\000S\000e\000r\000i\000e\000s\000\040\000F\000o\000r\000e\000c\000a\000s\000t\000i\000n\000g}{section.6.3}% 64
\BOOKMARK [1][-]{section.6.4}{\376\377\000D\000a\000s\000h\000b\000o\000a\000r\000d\000\040\0002\000:\000\040\000S\000e\000c\000u\000r\000i\000t\000y\000\040\000\046\000\040\000A\000n\000o\000m\000a\000l\000y\000\040\000R\000a\000d\000a\000r}{chapter.6}% 65
\BOOKMARK [1][-]{section.6.5}{\376\377\000D\000a\000s\000h\000b\000o\000a\000r\000d\000\040\0003\000:\000\040\000T\000e\000l\000e\000m\000e\000t\000r\000y\000\040\000\046\000\040\000E\000r\000r\000o\000r\000\040\000M\000a\000t\000r\000i\000x}{chapter.6}% 66
\BOOKMARK [2][-]{subsection.6.5.1}{\376\377\000K\000P\000I\000\040\000P\000a\000n\000e\000l}{section.6.5}% 67
\BOOKMARK [2][-]{subsection.6.5.2}{\376\377\000E\000r\000r\000o\000r\000\040\000D\000i\000s\000t\000r\000i\000b\000u\000t\000i\000o\000n\000\040\000H\000i\000s\000t\000o\000g\000r\000a\000m}{section.6.5}% 68
\BOOKMARK [1][-]{section.6.6}{\376\377\000D\000a\000s\000h\000b\000o\000a\000r\000d\000\040\0004\000:\000\040\000E\000n\000e\000r\000g\000y\000\040\000D\000y\000n\000a\000m\000i\000c\000s\000\040\000\046\000\040\000D\000i\000g\000i\000t\000a\000l\000\040\000T\000w\000i\000n}{chapter.6}% 69
\BOOKMARK [2][-]{subsection.6.6.1}{\376\377\000B\000a\000t\000t\000e\000r\000y\000\040\000D\000e\000p\000l\000e\000t\000i\000o\000n\000\040\000C\000u\000r\000v\000e}{section.6.6}% 70
\BOOKMARK [2][-]{subsection.6.6.2}{\376\377\000D\000i\000g\000i\000t\000a\000l\000\040\000T\000w\000i\000n\000\040\000H\000e\000a\000l\000t\000h\000\040\000R\000a\000d\000a\000r}{section.6.6}% 71
\BOOKMARK [1][-]{section.6.7}{\376\377\000S\000c\000r\000e\000e\000n\000\040\000L\000a\000y\000o\000u\000t}{chapter.6}% 72
\BOOKMARK [1][-]{section.6.8}{\376\377\000T\000h\000r\000e\000a\000d\000\040\000S\000a\000f\000e\000t\000y}{chapter.6}% 73
\BOOKMARK [0][-]{chapter.7}{\376\377\000W\000e\000b\000\040\000A\000n\000a\000l\000y\000t\000i\000c\000s\000\040\000D\000a\000s\000h\000b\000o\000a\000r\000d}{}% 74
\BOOKMARK [1][-]{section.7.1}{\376\377\000T\000e\000c\000h\000n\000o\000l\000o\000g\000y\000\040\000S\000t\000a\000c\000k}{chapter.7}% 75
\BOOKMARK [1][-]{section.7.2}{\376\377\000D\000a\000t\000a\000\040\000I\000n\000g\000e\000s\000t\000i\000o\000n}{chapter.7}% 76
\BOOKMARK [1][-]{section.7.3}{\376\377\000U\000I\000\040\000C\000o\000m\000p\000o\000n\000e\000n\000t\000s}{chapter.7}% 77
\BOOKMARK [2][-]{subsection.7.3.1}{\376\377\000H\000e\000a\000d\000e\000r\000\040\000a\000n\000d\000\040\000N\000a\000v\000i\000g\000a\000t\000i\000o\000n}{section.7.3}% 78
\BOOKMARK [2][-]{subsection.7.3.2}{\376\377\000K\000P\000I\000\040\000M\000e\000t\000r\000i\000c\000\040\000C\000a\000r\000d\000s}{section.7.3}% 79
\BOOKMARK [2][-]{subsection.7.3.3}{\376\377\000N\000e\000t\000w\000o\000r\000k\000\040\000T\000o\000p\000o\000l\000o\000g\000y\000\040\000A\000n\000i\000m\000a\000t\000i\000o\000n}{section.7.3}% 80
\BOOKMARK [2][-]{subsection.7.3.4}{\376\377\000A\000I\000\040\000I\000n\000f\000e\000r\000e\000n\000c\000e\000\040\000E\000n\000g\000i\000n\000e\000\040\000C\000h\000a\000r\000t}{section.7.3}% 81
\BOOKMARK [2][-]{subsection.7.3.5}{\376\377\000D\000i\000s\000t\000r\000i\000b\000u\000t\000i\000o\000n\000\040\000C\000h\000a\000r\000t\000s}{section.7.3}% 82
\BOOKMARK [1][-]{section.7.4}{\376\377\000D\000e\000s\000i\000g\000n\000\040\000S\000y\000s\000t\000e\000m}{chapter.7}% 83
\BOOKMARK [0][-]{chapter.8}{\376\377\000T\000h\000e\000\040\000I\000n\000j\000e\000c\000t\000i\000o\000n\000\040\000E\000n\000g\000i\000n\000e}{}% 84
\BOOKMARK [1][-]{section.8.1}{\376\377\000M\000o\000t\000i\000v\000a\000t\000i\000o\000n}{chapter.8}% 85
\BOOKMARK [1][-]{section.8.2}{\376\377\000I\000n\000j\000e\000c\000t\000i\000o\000n\000\040\000S\000c\000r\000i\000p\000t\000s\000\040\000O\000v\000e\000r\000v\000i\000e\000w}{chapter.8}% 86
\BOOKMARK [1][-]{section.8.3}{\376\377\000X\000M\000L\000\040\000M\000u\000t\000a\000t\000i\000o\000n\000\040\000T\000e\000c\000h\000n\000i\000q\000u\000e}{chapter.8}% 87
\BOOKMARK [1][-]{section.8.4}{\376\377\000U\000t\000i\000l\000i\000t\000y\000\040\000T\000o\000o\000l\000s}{chapter.8}% 88
\BOOKMARK [2][-]{subsection.8.4.1}{\376\377\000p\000a\000t\000c\000h\000\137\000a\000l\000p\000.\000p\000y}{section.8.4}% 89
\BOOKMARK [1][-]{section.8.5}{\376\377\000R\000e\000p\000r\000o\000d\000u\000c\000i\000b\000i\000l\000i\000t\000y}{chapter.8}% 90
\BOOKMARK [0][-]{chapter.9}{\376\377\000R\000e\000s\000u\000l\000t\000s\000\040\000a\000n\000d\000\040\000A\000n\000a\000l\000y\000s\000i\000s}{}% 91
\BOOKMARK [1][-]{section.9.1}{\376\377\000M\000o\000d\000e\000l\000\040\000T\000r\000a\000i\000n\000i\000n\000g\000\040\000R\000e\000s\000u\000l\000t\000s}{chapter.9}% 92
\BOOKMARK [2][-]{subsection.9.1.1}{\376\377\000R\000a\000n\000d\000o\000m\000\040\000F\000o\000r\000e\000s\000t\000\040\000L\000a\000t\000e\000n\000c\000y\000\040\000P\000r\000e\000d\000i\000c\000t\000o\000r}{section.9.1}% 93
\BOOKMARK [2][-]{subsection.9.1.2}{\376\377\000O\000n\000e\000C\000l\000a\000s\000s\000S\000V\000M\000\040\000A\000n\000o\000m\000a\000l\000y\000\040\000D\000e\000t\000e\000c\000t\000o\000r}{section.9.1}% 94
\BOOKMARK [2][-]{subsection.9.1.3}{\376\377\000T\000i\000m\000e\000-\000S\000e\000r\000i\000e\000s\000\040\000F\000o\000r\000e\000c\000a\000s\000t\000e\000r}{section.9.1}% 95
\BOOKMARK [1][-]{section.9.2}{\376\377\000R\000e\000i\000n\000f\000o\000r\000c\000e\000m\000e\000n\000t\000\040\000L\000e\000a\000r\000n\000i\000n\000g\000\040\000A\000n\000a\000l\000y\000s\000i\000s}{chapter.9}% 96
\BOOKMARK [2][-]{subsection.9.2.1}{\376\377\000Q\000-\000T\000a\000b\000l\000e\000\040\000C\000o\000n\000v\000e\000r\000g\000e\000n\000c\000e}{section.9.2}% 97
\BOOKMARK [1][-]{section.9.3}{\376\377\000F\000e\000d\000e\000r\000a\000t\000e\000d\000\040\000L\000e\000a\000r\000n\000i\000n\000g\000\040\000C\000o\000n\000v\000e\000r\000g\000e\000n\000c\000e}{chapter.9}% 98
\BOOKMARK [1][-]{section.9.4}{\376\377\000G\000A\000N\000\040\000D\000D\000o\000S\000\040\000D\000e\000t\000e\000c\000t\000i\000o\000n\000\040\000R\000e\000s\000u\000l\000t\000s}{chapter.9}% 99
\BOOKMARK [1][-]{section.9.5}{\376\377\000D\000i\000g\000i\000t\000a\000l\000\040\000T\000w\000i\000n\000\040\000H\000e\000a\000l\000t\000h\000\040\000M\000e\000t\000r\000i\000c\000s}{chapter.9}% 100
\BOOKMARK [1][-]{section.9.6}{\376\377\000P\000e\000r\000f\000o\000r\000m\000a\000n\000c\000e\000\040\000B\000e\000n\000c\000h\000m\000a\000r\000k\000s}{chapter.9}% 101
\BOOKMARK [0][-]{chapter.10}{\376\377\000C\000o\000n\000c\000l\000u\000s\000i\000o\000n\000\040\000a\000n\000d\000\040\000F\000u\000t\000u\000r\000e\000\040\000W\000o\000r\000k}{}% 102
\BOOKMARK [1][-]{section.10.1}{\376\377\000S\000u\000m\000m\000a\000r\000y\000\040\000o\000f\000\040\000A\000c\000h\000i\000e\000v\000e\000m\000e\000n\000t\000s}{chapter.10}% 103
\BOOKMARK [1][-]{section.10.2}{\376\377\000K\000e\000y\000\040\000T\000e\000c\000h\000n\000i\000c\000a\000l\000\040\000I\000n\000n\000o\000v\000a\000t\000i\000o\000n\000s}{chapter.10}% 104
\BOOKMARK [2][-]{subsection.10.2.1}{\376\377\000A\000S\000T\000\040\000T\000r\000a\000n\000s\000p\000i\000l\000a\000t\000i\000o\000n\000\040\000f\000o\000r\000\040\000Z\000e\000r\000o\000-\000L\000a\000t\000e\000n\000c\000y\000\040\000M\000L}{section.10.2}% 105
\BOOKMARK [2][-]{subsection.10.2.2}{\376\377\000D\000e\000c\000o\000u\000p\000l\000e\000d\000\040\000M\000u\000l\000t\000i\000-\000W\000i\000n\000d\000o\000w\000\040\000N\000O\000C}{section.10.2}% 106
\BOOKMARK [2][-]{subsection.10.2.3}{\376\377\000I\000n\000f\000r\000a\000s\000t\000r\000u\000c\000t\000u\000r\000e\000-\000a\000s\000-\000C\000o\000d\000e\000\040\000f\000o\000r\000\040\000S\000i\000m\000u\000l\000a\000t\000i\000o\000n}{section.10.2}% 107
\BOOKMARK [1][-]{section.10.3}{\376\377\000L\000i\000m\000i\000t\000a\000t\000i\000o\000n\000s}{chapter.10}% 108
\BOOKMARK [1][-]{section.10.4}{\376\377\000F\000u\000t\000u\000r\000e\000\040\000W\000o\000r\000k}{chapter.10}% 109
\BOOKMARK [1][-]{section.10.5}{\376\377\000F\000i\000n\000a\000l\000\040\000R\000e\000m\000a\000r\000k\000s}{chapter.10}% 110
